Component: Arm Compiler for Embedded 6.19 Tool: armlink [5e73cb00]

==============================================================================

Image component sizes


      Code (inc. data)   RO Data    RW Data    ZI Data      Debug   Object Name

       198          0          0          0         56       6472   adc_for_proj.o
        56         12          0          0          0        808   command_system.o
       364          0          0          0       1024       6362   dac_for_proj.o
       434          0          0          0        176       7409   dma_for_proj_1.o
       236          0          0          0        644       3179   main.o
       282          0          0          0          0      12155   mdr32f9qx_adc.o
        56          0          0          0          0       2523   mdr32f9qx_dac.o
       990         10          0          0       1024      10575   mdr32f9qx_dma.o
       308          0          0          0          0       5122   mdr32f9qx_port.o
       392          0          0          0          0      16297   mdr32f9qx_rst_clk.o
       282          0          0          0          0      23004   mdr32f9qx_timer.o
       354          0          0          0          0      11177   mdr32f9qx_usb.o
       610         36          0         85         20       7646   mdr32f9qx_usb_cdc.o
      2792         26          0          0        204      20949   mdr32f9qx_usb_device.o
        64         26        192          0      24576        900   startup_mdr32f9qx.o
       248          0          0          0          0       4642   sysclk_for_proj.o
       180          0          0          4          0       1956   system_mdr32f9qx.o
       188          0          0          0        164       6680   usb_for_proj.o

    ----------------------------------------------------------------------
      8124        110        224         92      27896     147856   Object Totals
         0          0         32          0          0          0   (incl. Generated)
        90          0          0          3          8          0   (incl. Padding)

    ----------------------------------------------------------------------

      Code (inc. data)   RO Data    RW Data    ZI Data      Debug   Library Member Name

         8          0          0          0          0         68   __main.o
         0          0          0          0          0          0   __rtentry.o
        12          0          0          0          0          0   __rtentry2.o
         6          0          0          0          0          0   __rtentry4.o
        52          8          0          0          0          0   __scatter.o
        26          0          0          0          0          0   __scatter_copy.o
        28          0          0          0          0          0   __scatter_zi.o
        28          0          0          0          0         68   _chval.o
        22          0          0          0          0        100   _rserrno.o
       158          0          0          0          0         92   _strtoul.o
        26          0          0          0          0         80   atoi.o
        18          0          0          0          0         80   exit.o
         6          0          0          0          0        152   heapauxi.o
         0          0          0          0          0          0   indicate_semi.o
        44         10        272          0          0         76   lc_ctype_c.o
         2          0          0          0          0          0   libinit.o
        20          0          0          0          0          0   libinit2.o
         2          0          0          0          0          0   libshutdown.o
         2          0          0          0          0          0   libshutdown2.o
         8          4          0          0         96         68   libspace.o
        16          4          0          0          0         76   rt_ctype_table.o
         8          4          0          0          0         68   rt_errno_addr_intlibspace.o
         8          4          0          0          0         68   rt_locale_intlibspace.o
        78          0          0          0          0         80   rt_memclr_w.o
       138          0          0          0          0         68   rt_memcpy_v6.o
       100          0          0          0          0         80   rt_memcpy_w.o
         2          0          0          0          0          0   rtexit.o
        10          0          0          0          0          0   rtexit2.o
       128          0          0          0          0         68   strcmpv7m.o
       150          0          0          0          0         80   strncmp.o
       112          0          0          0          0         88   strtol.o
        12          4          0          0          0         68   sys_exit.o
        74          0          0          0          0         80   sys_stackheap_outer.o
         2          0          0          0          0         68   use_no_semi.o
       834         16          0          0          0        372   daddsub_clz.o
        16          4          0          0          0         68   dcheck1.o
       692        140          0          0          0        216   ddiv.o
        94          4          0          0          0         92   dfix.o
        84          0          0          0          0        136   dflt_clz.o
       340         12          0          0          0        104   dmul.o
       156          4          0          0          0         92   dnaninf.o
        12          0          0          0          0         68   dretinf.o
       100          0          0          0          0         68   retnan.o
        92          0          0          0          0         68   scalbn.o
        48          0          0          0          0         68   trapv.o
         0          0          0          0          0          0   usenofp.o
       252         22         48          0          0        124   cos_i.o
        34          6          0          0          0        204   dunder.o
        40          0          0          0          0         68   fpclassify.o
       170          0          0          0          0         96   poly.o
       904         76        204          0          0        140   rred.o
       160         10          0          0          0        108   sin.o
       236         12         40          0          0        128   sin_i.o

    ----------------------------------------------------------------------
      5588        344        568          0         96       3896   Library Totals
        18          0          4          0          0          0   (incl. Padding)

    ----------------------------------------------------------------------

      Code (inc. data)   RO Data    RW Data    ZI Data      Debug   Library Name

      1306         38        272          0         96       1676   c_w.l
      2468        180          0          0          0       1352   fz_ws.l
      1796        126        292          0          0        868   m_ws.l

    ----------------------------------------------------------------------
      5588        344        568          0         96       3896   Library Totals

    ----------------------------------------------------------------------

==============================================================================


      Code (inc. data)   RO Data    RW Data    ZI Data      Debug   

     13712        454        792         92      27992     149400   Grand Totals
     13712        454        792         92      27992     149400   ELF Image Totals
     13712        454        792         92          0          0   ROM Totals

==============================================================================

    Total RO  Size (Code + RO Data)                14504 (  14.16kB)
    Total RW  Size (RW Data + ZI Data)             28084 (  27.43kB)
    Total ROM Size (Code + RO Data + RW Data)      14596 (  14.25kB)

==============================================================================

