Component: Arm Compiler for Embedded 6.19 Tool: armlink [5e73cb00]

==============================================================================

Image component sizes


      Code (inc. data)   RO Data    RW Data    ZI Data      Debug   Object Name

       228          0          0          0         56       5740   adc_for_proj.o
        60          0         10          0          0        688   command_system.o
       454          0          0          0       1024       5707   dac_for_proj.o
       570          0          0          0        176       7255   dma_for_proj_1.o
       264          0          0          0        644       2200   main.o
       598          0          0          0          0      11059   mdr32f9qx_adc.o
       128          0          0          0          0       2324   mdr32f9qx_dac.o
      1056          8          0          0       1024       8050   mdr32f9qx_dma.o
       414          0          0          0          0       4623   mdr32f9qx_port.o
       656          0          0          0          0      11255   mdr32f9qx_rst_clk.o
       558          0          0          0          0      20021   mdr32f9qx_timer.o
       674          0          0          0          0       9723   mdr32f9qx_usb.o
      1162         36          0         85         20       6312   mdr32f9qx_usb_cdc.o
      3468         38          0          0        202      13547   mdr32f9qx_usb_device.o
        64         26        192          0      24576        916   startup_mdr32f9qx.o
       280          0          0          0          0       3955   sysclk_for_proj.o
       338          0          0          4          0       1526   system_mdr32f9qx.o
       294          0          0          0        162       6442   usb_for_proj.o

    ----------------------------------------------------------------------
     11364        108        236         92      28168     121343   Object Totals
         0          0         32          0          0          0   (incl. Generated)
        98          0          2          3        284          0   (incl. Padding)

    ----------------------------------------------------------------------

      Code (inc. data)   RO Data    RW Data    ZI Data      Debug   Library Member Name

         8          0          0          0          0         68   __main.o
         0          0          0          0          0          0   __rtentry.o
        12          0          0          0          0          0   __rtentry2.o
         6          0          0          0          0          0   __rtentry4.o
        52          8          0          0          0          0   __scatter.o
        26          0          0          0          0          0   __scatter_copy.o
        28          0          0          0          0          0   __scatter_zi.o
        28          0          0          0          0         68   _chval.o
        22          0          0          0          0        100   _rserrno.o
       158          0          0          0          0         92   _strtoul.o
        26          0          0          0          0         80   atoi.o
        18          0          0          0          0         80   exit.o
         6          0          0          0          0        152   heapauxi.o
         0          0          0          0          0          0   indicate_semi.o
        44         10        272          0          0         76   lc_ctype_c.o
         2          0          0          0          0          0   libinit.o
        20          0          0          0          0          0   libinit2.o
         2          0          0          0          0          0   libshutdown.o
         2          0          0          0          0          0   libshutdown2.o
         8          4          0          0         96         68   libspace.o
        16          4          0          0          0         76   rt_ctype_table.o
         8          4          0          0          0         68   rt_errno_addr_intlibspace.o
         8          4          0          0          0         68   rt_locale_intlibspace.o
       138          0          0          0          0         68   rt_memcpy_v6.o
       100          0          0          0          0         80   rt_memcpy_w.o
         2          0          0          0          0          0   rtexit.o
        10          0          0          0          0          0   rtexit2.o
       128          0          0          0          0         68   strcmpv7m.o
        36          0          0          0          0         80   strstr.o
       112          0          0          0          0         88   strtol.o
        12          4          0          0          0         68   sys_exit.o
        74          0          0          0          0         80   sys_stackheap_outer.o
         2          0          0          0          0         68   use_no_semi.o
       834         16          0          0          0        372   daddsub_clz.o
        16          4          0          0          0         68   dcheck1.o
       692        140          0          0          0        216   ddiv.o
        94          4          0          0          0         92   dfix.o
        84          0          0          0          0        136   dflt_clz.o
       340         12          0          0          0        104   dmul.o
       156          4          0          0          0         92   dnaninf.o
        12          0          0          0          0         68   dretinf.o
       100          0          0          0          0         68   retnan.o
        92          0          0          0          0         68   scalbn.o
        48          0          0          0          0         68   trapv.o
         0          0          0          0          0          0   usenofp.o
       252         22         48          0          0        124   cos_i.o
        34          6          0          0          0        204   dunder.o
        40          0          0          0          0         68   fpclassify.o
       170          0          0          0          0         96   poly.o
       904         76        204          0          0        140   rred.o
       160         10          0          0          0        108   sin.o
       236         12         40          0          0        128   sin_i.o

    ----------------------------------------------------------------------
      5396        344        568          0         96       3816   Library Totals
        18          0          4          0          0          0   (incl. Padding)

    ----------------------------------------------------------------------

      Code (inc. data)   RO Data    RW Data    ZI Data      Debug   Library Name

      1114         38        272          0         96       1596   c_w.l
      2468        180          0          0          0       1352   fz_ws.l
      1796        126        292          0          0        868   m_ws.l

    ----------------------------------------------------------------------
      5396        344        568          0         96       3816   Library Totals

    ----------------------------------------------------------------------

==============================================================================


      Code (inc. data)   RO Data    RW Data    ZI Data      Debug   

     16760        452        804         92      28264     122859   Grand Totals
     16760        452        804         92      28264     122859   ELF Image Totals
     16760        452        804         92          0          0   ROM Totals

==============================================================================

    Total RO  Size (Code + RO Data)                17564 (  17.15kB)
    Total RW  Size (RW Data + ZI Data)             28356 (  27.69kB)
    Total ROM Size (Code + RO Data + RW Data)      17656 (  17.24kB)

==============================================================================

